{#3427
  +"message": "Call to undefined method App\Models\User::posts()"
  +"exception": "BadMethodCallException"
  +"file": "C:\xampp\htdocs\peer-support\vendor\laravel\framework\src\Illuminate\Support\Traits\ForwardsCalls.php"
  +"line": 67
  +"trace": array:52 [
    0 => {#3206
      +"file": "C:\xampp\htdocs\peer-support\vendor\laravel\framework\src\Illuminate\Support\Traits\ForwardsCalls.php"
      +"line": 36
      +"function": "throwBadMethodCallException"
      +"class": "Illuminate\Database\Eloquent\Model"
      +"type": "::"
    }
    1 => {#3428
      +"file": "C:\xampp\htdocs\peer-support\vendor\laravel\framework\src\Illuminate\Database\Eloquent\Model.php"
      +"line": 2540
      +"function": "forwardCallTo"
      +"class": "Illuminate\Database\Eloquent\Model"
      +"type": "->"
    }
    2 => {#3632
      +"file": "C:\xampp\htdocs\peer-support\app\Http\Controllers\PostController.php"
      +"line": 36
      +"function": "__call"
      +"class": "Illuminate\Database\Eloquent\Model"
      +"type": "->"
    }
    3 => {#3856
      +"file": "C:\xampp\htdocs\peer-support\vendor\laravel\framework\src\Illuminate\Routing\ControllerDispatcher.php"
      +"line": 46
      +"function": "store"
      +"class": "App\Http\Controllers\PostController"
      +"type": "->"
    }
    4 => {#3855
      +"file": "C:\xampp\htdocs\peer-support\vendor\laravel\framework\src\Illuminate\Routing\Route.php"
      +"line": 265
      +"function": "dispatch"
      +"class": "Illuminate\Routing\ControllerDispatcher"
      +"type": "->"
    }
    5 => {#3631
      +"file": "C:\xampp\htdocs\peer-support\vendor\laravel\framework\src\Illuminate\Routing\Route.php"
      +"line": 211
      +"function": "runController"
      +"class": "Illuminate\Routing\Route"
      +"type": "->"
    }
    6 => {#3204
      +"file": "C:\xampp\htdocs\peer-support\vendor\laravel\framework\src\Illuminate\Routing\Router.php"
      +"line": 822
      +"function": "run"
      +"class": "Illuminate\Routing\Route"
      +"type": "->"
    }
    7 => {#3434
      +"file": "C:\xampp\htdocs\peer-support\vendor\laravel\framework\src\Illuminate\Pipeline\Pipeline.php"
      +"line": 180
      +"function": "Illuminate\Routing\{closure}"
      +"class": "Illuminate\Routing\Router"
      +"type": "->"
    }
    8 => {#3210
      +"file": "C:\xampp\htdocs\peer-support\vendor\laravel\framework\src\Illuminate\Routing\Middleware\SubstituteBindings.php"
      +"line": 50
      +"function": "Illuminate\Pipeline\{closure}"
      +"class": "Illuminate\Pipeline\Pipeline"
      +"type": "->"
    }
    9 => {#3435
      +"file": "C:\xampp\htdocs\peer-support\vendor\laravel\framework\src\Illuminate\Pipeline\Pipeline.php"
      +"line": 219
      +"function": "handle"
      +"class": "Illuminate\Routing\Middleware\SubstituteBindings"
      +"type": "->"
    }
    10 => {#3860
      +"file": "C:\xampp\htdocs\peer-support\vendor\laravel\framework\src\Illuminate\Auth\Middleware\Authenticate.php"
      +"line": 63
      +"function": "Illuminate\Pipeline\{closure}"
      +"class": "Illuminate\Pipeline\Pipeline"
      +"type": "->"
    }
    11 => {#3637
      +"file": "C:\xampp\htdocs\peer-support\vendor\laravel\framework\src\Illuminate\Pipeline\Pipeline.php"
      +"line": 219
      +"function": "handle"
      +"class": "Illuminate\Auth\Middleware\Authenticate"
      +"type": "->"
    }
    12 => {#3638
      +"file": "C:\xampp\htdocs\peer-support\vendor\laravel\framework\src\Illuminate\Pipeline\Pipeline.php"
      +"line": 137
      +"function": "Illuminate\Pipeline\{closure}"
      +"class": "Illuminate\Pipeline\Pipeline"
      +"type": "->"
    }
    13 => {#3433
      +"file": "C:\xampp\htdocs\peer-support\vendor\laravel\framework\src\Illuminate\Routing\Router.php"
      +"line": 821
      +"function": "then"
      +"class": "Illuminate\Pipeline\Pipeline"
      +"type": "->"
    }
    14 => {#497
      +"file": "C:\xampp\htdocs\peer-support\vendor\laravel\framework\src\Illuminate\Routing\Router.php"
      +"line": 800
      +"function": "runRouteWithinStack"
      +"class": "Illuminate\Routing\Router"
      +"type": "->"
    }
    15 => {#3212
      +"file": "C:\xampp\htdocs\peer-support\vendor\laravel\framework\src\Illuminate\Routing\Router.php"
      +"line": 764
      +"function": "runRoute"
      +"class": "Illuminate\Routing\Router"
      +"type": "->"
    }
    16 => {#3215
      +"file": "C:\xampp\htdocs\peer-support\vendor\laravel\framework\src\Illuminate\Routing\Router.php"
      +"line": 753
      +"function": "dispatchToRoute"
      +"class": "Illuminate\Routing\Router"
      +"type": "->"
    }
    17 => {#3866
      +"file": "C:\xampp\htdocs\peer-support\vendor\laravel\framework\src\Illuminate\Foundation\Http\Kernel.php"
      +"line": 200
      +"function": "dispatch"
      +"class": "Illuminate\Routing\Router"
      +"type": "->"
    }
    18 => {#3216
      +"file": "C:\xampp\htdocs\peer-support\vendor\laravel\framework\src\Illuminate\Pipeline\Pipeline.php"
      +"line": 180
      +"function": "Illuminate\Foundation\Http\{closure}"
      +"class": "Illuminate\Foundation\Http\Kernel"
      +"type": "->"
    }
    19 => {#3655
      +"file": "C:\xampp\htdocs\peer-support\vendor\laravel\framework\src\Illuminate\Foundation\Http\Middleware\TransformsRequest.php"
      +"line": 21
      +"function": "Illuminate\Pipeline\{closure}"
      +"class": "Illuminate\Pipeline\Pipeline"
      +"type": "->"
    }
    20 => {#3228
      +"file": "C:\xampp\htdocs\peer-support\vendor\laravel\framework\src\Illuminate\Foundation\Http\Middleware\ConvertEmptyStringsToNull.php"
      +"line": 31
      +"function": "handle"
      +"class": "Illuminate\Foundation\Http\Middleware\TransformsRequest"
      +"type": "->"
    }
    21 => {#3451
      +"file": "C:\xampp\htdocs\peer-support\vendor\laravel\framework\src\Illuminate\Pipeline\Pipeline.php"
      +"line": 219
      +"function": "handle"
      +"class": "Illuminate\Foundation\Http\Middleware\ConvertEmptyStringsToNull"
      +"type": "->"
    }
    22 => {#3656
      +"file": "C:\xampp\htdocs\peer-support\vendor\laravel\framework\src\Illuminate\Foundation\Http\Middleware\TransformsRequest.php"
      +"line": 21
      +"function": "Illuminate\Pipeline\{closure}"
      +"class": "Illuminate\Pipeline\Pipeline"
      +"type": "->"
    }
    23 => {#3879
      +"file": "C:\xampp\htdocs\peer-support\vendor\laravel\framework\src\Illuminate\Foundation\Http\Middleware\TrimStrings.php"
      +"line": 51
      +"function": "handle"
      +"class": "Illuminate\Foundation\Http\Middleware\TransformsRequest"
      +"type": "->"
    }
    24 => {#3229
      +"file": "C:\xampp\htdocs\peer-support\vendor\laravel\framework\src\Illuminate\Pipeline\Pipeline.php"
      +"line": 219
      +"function": "handle"
      +"class": "Illuminate\Foundation\Http\Middleware\TrimStrings"
      +"type": "->"
    }
    25 => {#3452
      +"file": "C:\xampp\htdocs\peer-support\vendor\laravel\framework\src\Illuminate\Http\Middleware\ValidatePostSize.php"
      +"line": 27
      +"function": "Illuminate\Pipeline\{closure}"
      +"class": "Illuminate\Pipeline\Pipeline"
      +"type": "->"
    }
    26 => {#3657
      +"file": "C:\xampp\htdocs\peer-support\vendor\laravel\framework\src\Illuminate\Pipeline\Pipeline.php"
      +"line": 219
      +"function": "handle"
      +"class": "Illuminate\Http\Middleware\ValidatePostSize"
      +"type": "->"
    }
    27 => {#3880
      +"file": "C:\xampp\htdocs\peer-support\vendor\laravel\framework\src\Illuminate\Foundation\Http\Middleware\PreventRequestsDuringMaintenance.php"
      +"line": 109
      +"function": "Illuminate\Pipeline\{closure}"
      +"class": "Illuminate\Pipeline\Pipeline"
      +"type": "->"
    }
    28 => {#3230
      +"file": "C:\xampp\htdocs\peer-support\vendor\laravel\framework\src\Illuminate\Pipeline\Pipeline.php"
      +"line": 219
      +"function": "handle"
      +"class": "Illuminate\Foundation\Http\Middleware\PreventRequestsDuringMaintenance"
      +"type": "->"
    }
    29 => {#3453
      +"file": "C:\xampp\htdocs\peer-support\vendor\laravel\framework\src\Illuminate\Http\Middleware\HandleCors.php"
      +"line": 61
      +"function": "Illuminate\Pipeline\{closure}"
      +"class": "Illuminate\Pipeline\Pipeline"
      +"type": "->"
    }
    30 => {#3658
      +"file": "C:\xampp\htdocs\peer-support\vendor\laravel\framework\src\Illuminate\Pipeline\Pipeline.php"
      +"line": 219
      +"function": "handle"
      +"class": "Illuminate\Http\Middleware\HandleCors"
      +"type": "->"
    }
    31 => {#3881
      +"file": "C:\xampp\htdocs\peer-support\vendor\laravel\framework\src\Illuminate\Http\Middleware\TrustProxies.php"
      +"line": 58
      +"function": "Illuminate\Pipeline\{closure}"
      +"class": "Illuminate\Pipeline\Pipeline"
      +"type": "->"
    }
    32 => {#3231
      +"file": "C:\xampp\htdocs\peer-support\vendor\laravel\framework\src\Illuminate\Pipeline\Pipeline.php"
      +"line": 219
      +"function": "handle"
      +"class": "Illuminate\Http\Middleware\TrustProxies"
      +"type": "->"
    }
    33 => {#3454
      +"file": "C:\xampp\htdocs\peer-support\vendor\laravel\framework\src\Illuminate\Foundation\Http\Middleware\InvokeDeferredCallbacks.php"
      +"line": 22
      +"function": "Illuminate\Pipeline\{closure}"
      +"class": "Illuminate\Pipeline\Pipeline"
      +"type": "->"
    }
    34 => {#3659
      +"file": "C:\xampp\htdocs\peer-support\vendor\laravel\framework\src\Illuminate\Pipeline\Pipeline.php"
      +"line": 219
      +"function": "handle"
      +"class": "Illuminate\Foundation\Http\Middleware\InvokeDeferredCallbacks"
      +"type": "->"
    }
    35 => {#3882
      +"file": "C:\xampp\htdocs\peer-support\vendor\laravel\framework\src\Illuminate\Http\Middleware\ValidatePathEncoding.php"
      +"line": 26
      +"function": "Illuminate\Pipeline\{closure}"
      +"class": "Illuminate\Pipeline\Pipeline"
      +"type": "->"
    }
    36 => {#3232
      +"file": "C:\xampp\htdocs\peer-support\vendor\laravel\framework\src\Illuminate\Pipeline\Pipeline.php"
      +"line": 219
      +"function": "handle"
      +"class": "Illuminate\Http\Middleware\ValidatePathEncoding"
      +"type": "->"
    }
    37 => {#3455
      +"file": "C:\xampp\htdocs\peer-support\vendor\laravel\framework\src\Illuminate\Pipeline\Pipeline.php"
      +"line": 137
      +"function": "Illuminate\Pipeline\{closure}"
      +"class": "Illuminate\Pipeline\Pipeline"
      +"type": "->"
    }
    38 => {#3660
      +"file": "C:\xampp\htdocs\peer-support\vendor\laravel\framework\src\Illuminate\Foundation\Http\Kernel.php"
      +"line": 175
      +"function": "then"
      +"class": "Illuminate\Pipeline\Pipeline"
      +"type": "->"
    }
    39 => {#3883
      +"file": "C:\xampp\htdocs\peer-support\vendor\laravel\framework\src\Illuminate\Foundation\Http\Kernel.php"
      +"line": 144
      +"function": "sendRequestThroughRouter"
      +"class": "Illuminate\Foundation\Http\Kernel"
      +"type": "->"
    }
    40 => {#3233
      +"file": "C:\xampp\htdocs\peer-support\vendor\laravel\framework\src\Illuminate\Foundation\Testing\Concerns\MakesHttpRequests.php"
      +"line": 607
      +"function": "handle"
      +"class": "Illuminate\Foundation\Http\Kernel"
      +"type": "->"
    }
    41 => {#3456
      +"file": "C:\xampp\htdocs\peer-support\vendor\laravel\framework\src\Illuminate\Foundation\Testing\Concerns\MakesHttpRequests.php"
      +"line": 573
      +"function": "call"
      +"class": "Illuminate\Foundation\Testing\TestCase"
      +"type": "->"
    }
    42 => {#3661
      +"file": "C:\xampp\htdocs\peer-support\vendor\laravel\framework\src\Illuminate\Foundation\Testing\Concerns\MakesHttpRequests.php"
      +"line": 411
      +"function": "json"
      +"class": "Illuminate\Foundation\Testing\TestCase"
      +"type": "->"
    }
    43 => {#3884
      +"file": "C:\xampp\htdocs\peer-support\tests\Feature\ApiTest.php"
      +"line": 29
      +"function": "postJson"
      +"class": "Illuminate\Foundation\Testing\TestCase"
      +"type": "->"
    }
    44 => {#3234
      +"file": "C:\xampp\htdocs\peer-support\vendor\phpunit\phpunit\src\Framework\TestCase.php"
      +"line": 1657
      +"function": "test_api_workflow"
      +"class": "Tests\Feature\ApiTest"
      +"type": "->"
    }
    45 => {#3457
      +"file": "C:\xampp\htdocs\peer-support\vendor\phpunit\phpunit\src\Framework\TestCase.php"
      +"line": 515
      +"function": "runTest"
      +"class": "PHPUnit\Framework\TestCase"
      +"type": "->"
    }
    46 => {#3662
      +"file": "C:\xampp\htdocs\peer-support\vendor\phpunit\phpunit\src\Framework\TestRunner\TestRunner.php"
      +"line": 87
      +"function": "runBare"
      +"class": "PHPUnit\Framework\TestCase"
      +"type": "->"
    }
    47 => {#3885
      +"file": "C:\xampp\htdocs\peer-support\vendor\phpunit\phpunit\src\Framework\TestCase.php"
      +"line": 361
      +"function": "run"
      +"class": "PHPUnit\Framework\TestRunner"
      +"type": "->"
    }
    48 => {#3235
      +"file": "C:\xampp\htdocs\peer-support\vendor\phpunit\phpunit\src\Framework\TestSuite.php"
      +"line": 369
      +"function": "run"
      +"class": "PHPUnit\Framework\TestCase"
      +"type": "->"
    }
    49 => {#3458
      +"file": "C:\xampp\htdocs\peer-support\vendor\phpunit\phpunit\src\TextUI\TestRunner.php"
      +"line": 64
      +"function": "run"
      +"class": "PHPUnit\Framework\TestSuite"
      +"type": "->"
    }
    50 => {#3663
      +"file": "C:\xampp\htdocs\peer-support\vendor\phpunit\phpunit\src\TextUI\Application.php"
      +"line": 211
      +"function": "run"
      +"class": "PHPUnit\TextUI\TestRunner"
      +"type": "->"
    }
    51 => {#3886
      +"file": "C:\xampp\htdocs\peer-support\vendor\phpunit\phpunit\phpunit"
      +"line": 104
      +"function": "run"
      +"class": "PHPUnit\TextUI\Application"
      +"type": "->"
    }
  ]
} // vendor\laravel\framework\src\Illuminate\Testing\TestResponse.php:1810

   FAIL  Tests\Feature\ApiTest
  Γ¿» api workflΓÇª 0.38s  
  ΓöÇΓöÇΓöÇΓöÇΓöÇΓöÇΓöÇΓöÇΓöÇΓöÇΓöÇΓöÇΓöÇΓöÇΓöÇΓöÇΓöÇΓöÇΓöÇ  
   FAILED  Tests\FeΓÇª   
  Expected response status code [201] but received 500.
Failed asserting that 500 is identical to 201.

The following exception occurred during the last request:

BadMethodCallException: Call to undefined method App\Models\User::posts() in C:\xampp\htdocs\peer-support\vendor\laravel\framework\src\Illuminate\Support\Traits\ForwardsCalls.php:67
Stack trace:
#0 C:\xampp\htdocs\peer-support\vendor\laravel\framework\src\Illuminate\Support\Traits\ForwardsCalls.php(36): Illuminate\Database\Eloquent\Model::throwBadMethodCallException('posts')
#1 C:\xampp\htdocs\peer-support\vendor\laravel\framework\src\Illuminate\Database\Eloquent\Model.php(2540): Illuminate\Database\Eloquent\Model->forwardCallTo(Object(Illuminate\Database\Eloquent\Builder), 'posts', Array)
#2 C:\xampp\htdocs\peer-support\app\Http\Controllers\PostController.php(36): Illuminate\Database\Eloquent\Model->__call('posts', Array)
#3 C:\xampp\htdocs\peer-support\vendor\laravel\framework\src\Illuminate\Routing\ControllerDispatcher.php(46): App\Http\Controllers\PostController->store(Object(Illuminate\Http\Request))
#4 C:\xampp\htdocs\peer-support\vendor\laravel\framework\src\Illuminate\Routing\Route.php(265): Illuminate\Routing\ControllerDispatcher->dispatch(Object(Illuminate\Routing\Route), Object(App\Http\Controllers\PostController), 'store')
#5 C:\xampp\htdocs\peer-support\vendor\laravel\framework\src\Illuminate\Routing\Route.php(211): Illuminate\Routing\Route->runController()
#6 C:\xampp\htdocs\peer-support\vendor\laravel\framework\src\Illuminate\Routing\Router.php(822): Illuminate\Routing\Route->run()
#7 C:\xampp\htdocs\peer-support\vendor\laravel\framework\src\Illuminate\Pipeline\Pipeline.php(180): Illuminate\Routing\Router->Illuminate\Routing\{closure}(Object(Illuminate\Http\Request))
#8 C:\xampp\htdocs\peer-support\vendor\laravel\framework\src\Illuminate\Routing\Middleware\SubstituteBindings.php(50): Illuminate\Pipeline\Pipeline->Illuminate\Pipeline\{closure}(Object(Illuminate\Http\Request))
#9 C:\xampp\htdocs\peer-support\vendor\laravel\framework\src\Illuminate\Pipeline\Pipeline.php(219): Illuminate\Routing\Middleware\SubstituteBindings->handle(Object(Illuminate\Http\Request), Object(Closure))
#10 C:\xampp\htdocs\peer-support\vendor\laravel\framework\src\Illuminate\Auth\Middleware\Authenticate.php(63): Illuminate\Pipeline\Pipeline->Illuminate\Pipeline\{closure}(Object(Illuminate\Http\Request))
#11 C:\xampp\htdocs\peer-support\vendor\laravel\framework\src\Illuminate\Pipeline\Pipeline.php(219): Illuminate\Auth\Middleware\Authenticate->handle(Object(Illuminate\Http\Request), Object(Closure), 'sanctum')
#12 C:\xampp\htdocs\peer-support\vendor\laravel\framework\src\Illuminate\Pipeline\Pipeline.php(137): Illuminate\Pipeline\Pipeline->Illuminate\Pipeline\{closure}(Object(Illuminate\Http\Request))
#13 C:\xampp\htdocs\peer-support\vendor\laravel\framework\src\Illuminate\Routing\Router.php(821): Illuminate\Pipeline\Pipeline->then(Object(Closure))
#14 C:\xampp\htdocs\peer-support\vendor\laravel\framework\src\Illuminate\Routing\Router.php(800): Illuminate\Routing\Router->runRouteWithinStack(Object(Illuminate\Routing\Route), Object(Illuminate\Http\Request))
#15 C:\xampp\htdocs\peer-support\vendor\laravel\framework\src\Illuminate\Routing\Router.php(764): Illuminate\Routing\Router->runRoute(Object(Illuminate\Http\Request), Object(Illuminate\Routing\Route))
#16 C:\xampp\htdocs\peer-support\vendor\laravel\framework\src\Illuminate\Routing\Router.php(753): Illuminate\Routing\Router->dispatchToRoute(Object(Illuminate\Http\Request))
#17 C:\xampp\htdocs\peer-support\vendor\laravel\framework\src\Illuminate\Foundation\Http\Kernel.php(200): Illuminate\Routing\Router->dispatch(Object(Illuminate\Http\Request))
#18 C:\xampp\htdocs\peer-support\vendor\laravel\framework\src\Illuminate\Pipeline\Pipeline.php(180): Illuminate\Foundation\Http\Kernel->Illuminate\Foundation\Http\{closure}(Object(Illuminate\Http\Request))
#19 C:\xampp\htdocs\peer-support\vendor\laravel\framework\src\Illuminate\Foundation\Http\Middleware\TransformsRequest.php(21): Illuminate\Pipeline\Pipeline->Illuminate\Pipeline\{closure}(Object(Illuminate\Http\Request))
#20 C:\xampp\htdocs\peer-support\vendor\laravel\framework\src\Illuminate\Foundation\Http\Middleware\ConvertEmptyStringsToNull.php(31): Illuminate\Foundation\Http\Middleware\TransformsRequest->handle(Object(Illuminate\Http\Request), Object(Closure))
#21 C:\xampp\htdocs\peer-support\vendor\laravel\framework\src\Illuminate\Pipeline\Pipeline.php(219): Illuminate\Foundation\Http\Middleware\ConvertEmptyStringsToNull->handle(Object(Illuminate\Http\Request), Object(Closure))
#22 C:\xampp\htdocs\peer-support\vendor\laravel\framework\src\Illuminate\Foundation\Http\Middleware\TransformsRequest.php(21): Illuminate\Pipeline\Pipeline->Illuminate\Pipeline\{closure}(Object(Illuminate\Http\Request))
#23 C:\xampp\htdocs\peer-support\vendor\laravel\framework\src\Illuminate\Foundation\Http\Middleware\TrimStrings.php(51): Illuminate\Foundation\Http\Middleware\TransformsRequest->handle(Object(Illuminate\Http\Request), Object(Closure))
#24 C:\xampp\htdocs\peer-support\vendor\laravel\framework\src\Illuminate\Pipeline\Pipeline.php(219): Illuminate\Foundation\Http\Middleware\TrimStrings->handle(Object(Illuminate\Http\Request), Object(Closure))
#25 C:\xampp\htdocs\peer-support\vendor\laravel\framework\src\Illuminate\Http\Middleware\ValidatePostSize.php(27): Illuminate\Pipeline\Pipeline->Illuminate\Pipeline\{closure}(Object(Illuminate\Http\Request))
#26 C:\xampp\htdocs\peer-support\vendor\laravel\framework\src\Illuminate\Pipeline\Pipeline.php(219): Illuminate\Http\Middleware\ValidatePostSize->handle(Object(Illuminate\Http\Request), Object(Closure))
#27 C:\xampp\htdocs\peer-support\vendor\laravel\framework\src\Illuminate\Foundation\Http\Middleware\PreventRequestsDuringMaintenance.php(109): Illuminate\Pipeline\Pipeline->Illuminate\Pipeline\{closure}(Object(Illuminate\Http\Request))
#28 C:\xampp\htdocs\peer-support\vendor\laravel\framework\src\Illuminate\Pipeline\Pipeline.php(219): Illuminate\Foundation\Http\Middleware\PreventRequestsDuringMaintenance->handle(Object(Illuminate\Http\Request), Object(Closure))
#29 C:\xampp\htdocs\peer-support\vendor\laravel\framework\src\Illuminate\Http\Middleware\HandleCors.php(61): Illuminate\Pipeline\Pipeline->Illuminate\Pipeline\{closure}(Object(Illuminate\Http\Request))
#30 C:\xampp\htdocs\peer-support\vendor\laravel\framework\src\Illuminate\Pipeline\Pipeline.php(219): Illuminate\Http\Middleware\HandleCors->handle(Object(Illuminate\Http\Request), Object(Closure))
#31 C:\xampp\htdocs\peer-support\vendor\laravel\framework\src\Illuminate\Http\Middleware\TrustProxies.php(58): Illuminate\Pipeline\Pipeline->Illuminate\Pipeline\{closure}(Object(Illuminate\Http\Request))
#32 C:\xampp\htdocs\peer-support\vendor\laravel\framework\src\Illuminate\Pipeline\Pipeline.php(219): Illuminate\Http\Middleware\TrustProxies->handle(Object(Illuminate\Http\Request), Object(Closure))
#33 C:\xampp\htdocs\peer-support\vendor\laravel\framework\src\Illuminate\Foundation\Http\Middleware\InvokeDeferredCallbacks.php(22): Illuminate\Pipeline\Pipeline->Illuminate\Pipeline\{closure}(Object(Illuminate\Http\Request))
#34 C:\xampp\htdocs\peer-support\vendor\laravel\framework\src\Illuminate\Pipeline\Pipeline.php(219): Illuminate\Foundation\Http\Middleware\InvokeDeferredCallbacks->handle(Object(Illuminate\Http\Request), Object(Closure))
#35 C:\xampp\htdocs\peer-support\vendor\laravel\framework\src\Illuminate\Http\Middleware\ValidatePathEncoding.php(26): Illuminate\Pipeline\Pipeline->Illuminate\Pipeline\{closure}(Object(Illuminate\Http\Request))
#36 C:\xampp\htdocs\peer-support\vendor\laravel\framework\src\Illuminate\Pipeline\Pipeline.php(219): Illuminate\Http\Middleware\ValidatePathEncoding->handle(Object(Illuminate\Http\Request), Object(Closure))
#37 C:\xampp\htdocs\peer-support\vendor\laravel\framework\src\Illuminate\Pipeline\Pipeline.php(137): Illuminate\Pipeline\Pipeline->Illuminate\Pipeline\{closure}(Object(Illuminate\Http\Request))
#38 C:\xampp\htdocs\peer-support\vendor\laravel\framework\src\Illuminate\Foundation\Http\Kernel.php(175): Illuminate\Pipeline\Pipeline->then(Object(Closure))
#39 C:\xampp\htdocs\peer-support\vendor\laravel\framework\src\Illuminate\Foundation\Http\Kernel.php(144): Illuminate\Foundation\Http\Kernel->sendRequestThroughRouter(Object(Illuminate\Http\Request))
#40 C:\xampp\htdocs\peer-support\vendor\laravel\framework\src\Illuminate\Foundation\Testing\Concerns\MakesHttpRequests.php(607): Illuminate\Foundation\Http\Kernel->handle(Object(Illuminate\Http\Request))
#41 C:\xampp\htdocs\peer-support\vendor\laravel\framework\src\Illuminate\Foundation\Testing\Concerns\MakesHttpRequests.php(573): Illuminate\Foundation\Testing\TestCase->call('POST', '/api/posts', Array, Array, Array, Array, '{"title":"Hello...')
#42 C:\xampp\htdocs\peer-support\vendor\laravel\framework\src\Illuminate\Foundation\Testing\Concerns\MakesHttpRequests.php(411): Illuminate\Foundation\Testing\TestCase->json('POST', '/api/posts', Array, Array, 0)
#43 C:\xampp\htdocs\peer-support\tests\Feature\ApiTest.php(29): Illuminate\Foundation\Testing\TestCase->postJson('/api/posts', Array)
#44 C:\xampp\htdocs\peer-support\vendor\phpunit\phpunit\src\Framework\TestCase.php(1657): Tests\Feature\ApiTest->test_api_workflow()
#45 C:\xampp\htdocs\peer-support\vendor\phpunit\phpunit\src\Framework\TestCase.php(515): PHPUnit\Framework\TestCase->runTest()
#46 C:\xampp\htdocs\peer-support\vendor\phpunit\phpunit\src\Framework\TestRunner\TestRunner.php(87): PHPUnit\Framework\TestCase->runBare()
#47 C:\xampp\htdocs\peer-support\vendor\phpunit\phpunit\src\Framework\TestCase.php(361): PHPUnit\Framework\TestRunner->run(Object(Tests\Feature\ApiTest))
#48 C:\xampp\htdocs\peer-support\vendor\phpunit\phpunit\src\Framework\TestSuite.php(369): PHPUnit\Framework\TestCase->run()
#49 C:\xampp\htdocs\peer-support\vendor\phpunit\phpunit\src\TextUI\TestRunner.php(64): PHPUnit\Framework\TestSuite->run()
#50 C:\xampp\htdocs\peer-support\vendor\phpunit\phpunit\src\TextUI\Application.php(211): PHPUnit\TextUI\TestRunner->run(Object(PHPUnit\TextUI\Configuration\Configuration), Object(PHPUnit\Runner\ResultCache\DefaultResultCache), Object(PHPUnit\Framework\TestSuite))
#51 C:\xampp\htdocs\peer-support\vendor\phpunit\phpunit\phpunit(104): PHPUnit\TextUI\Application->run(Array)
#52 {main}

----------------------------------------------------------------------------------

Call to undefined method App\Models\User::posts()

  at tests\Feature\ApiTest.php:35
     31Γûò             'category_id' => $category->id,
     32Γûò         ]);
     33Γûò 
     34Γûò         $postResponse->dump();
  Γ₧£  35Γûò         $postResponse->assertCreated();
     36Γûò         $postId = $postResponse->json('id');
     37Γûò         $this->assertNotNull($postId);
     38Γûò         $slug = $postResponse->json('slug');
     39Γûò


  Tests:    1 failed (1 assertions)
  Duration: 0.54s

